Loading Hash Cache File '/home/ubuntu/.bypy/bypy.hashcache.json'...
Hash Cache File loaded.
<E> [00:10:02] Error accessing 'https://pcs.baidu.com/rest/2.0/pcs/file'
<E> [00:10:02] Function: _get_file_info_act
<E> [00:10:02] Website parameters: {'method': 'list', 'path': '/apps/bypy/live_audio/抖音直播/初恋小娜/2026-08-03_23-38', 'by': 'name', 'order': 'asc', 'limit': '0-1000'}
<E> [00:10:02] Full URL: https://pcs.baidu.com/rest/2.0/pcs/file?method=list&path=%2Fapps%2Fbypy%2Flive_audio%2F%E6%8A%96%E9%9F%B3%E7%9B%B4%E6%92%AD%2F%E5%88%9D%E6%81%8B%E5%B0%8F%E5%A8%9C%2F2026-08-03_23-38&by=name&order=asc&limit=0-1000&access_token=121.d403970e490643084cf5224da8cdb0f2.YmjUg0li9919F7wU_5t3TOCy8c_4qXnj146-VTS.3TvMbw
<E> [00:10:02] HTTP Response Status Code: 404
<E> [00:10:02] Error JSON returned:{'error_code': 31066, 'error_msg': 'file does not exist', 'request_id': 374932706064537852}
Error code: 31066
Error Description: file does not exist
<E> [00:10:02] Website returned: {"error_code":31066,"error_msg":"file does not exist","request_id":374932706064537852}
<E> [00:10:03] Error accessing 'https://pcs.baidu.com/rest/2.0/pcs/file'
<E> [00:10:03] Function: _rapidupload_file_act
<E> [00:10:03] Website parameters: {'method': 'rapidupload', 'path': '/apps/bypy/live_audio/抖音直播/初恋小娜/2026-08-03_23-38/初恋小娜_2026-08-03_23-38-52_000.mp3', 'content-length': 21600055, 'content-md5': '7cdb93c86qef30157d705a9acbfecb86', 'slice-md5': '5159db953a985507762a1377ebef9bd4', 'content-crc32': '0xdc3b9621', 'ondup': 'overwrite'}
<E> [00:10:03] Full URL: https://pcs.baidu.com/rest/2.0/pcs/file?method=rapidupload&path=%2Fapps%2Fbypy%2Flive_audio%2F%E6%8A%96%E9%9F%B3%E7%9B%B4%E6%92%AD%2F%E5%88%9D%E6%81%8B%E5%B0%8F%E5%A8%9C%2F2026-08-03_23-38%2F%E5%88%9D%E6%81%8B%E5%B0%8F%E5%A8%9C_2026-08-03_23-38-52_000.mp3&content-length=21600055&content-md5=7cdb93c86qef30157d705a9acbfecb86&slice-md5=5159db953a985507762a1377ebef9bd4&content-crc32=0xdc3b9621&ondup=overwrite&access_token=121.d403970e490643084cf5224da8cdb0f2.YmjUg0li9919F7wU_5t3TOCy8c_4qXnj146-VTS.3TvMbw
<E> [00:10:03] HTTP Response Status Code: 400
<E> [00:10:03] Error JSON returned:{'error_code': 31023, 'error_msg': 'param error', 'request_id': 374932847442561552}
Error code: 31023
Error Description: param error
<E> [00:10:03] Website returned: {"error_code":31023,"error_msg":"param error","request_id":374932847442561552}
'./converted/抖音直播/初恋小娜/2026-08-03_23-38/初恋小娜_2026-08-03_23-38-52_000.mp3' ==> '/apps/bypy/live_audio/抖音直播/初恋小娜/2026-08-03_23-38/初恋小娜_2026-08-03_23-38-52_000.mp3' OK.
Saving Hash Cache...
Hash Cache saved.

===== REMOTE SIZE VERIFICATION =====
/apps/bypy/live_audio/抖音直播/初恋小娜/2026-08-03_23-38/初恋小娜_2026-08-03_23-38-52_000.mp3 ($s):
21600055
