Loading Hash Cache File '/home/ubuntu/.bypy/bypy.hashcache.json'...
Hash Cache File loaded.
<E> [20:47:47] Error accessing 'https://pcs.baidu.com/rest/2.0/pcs/file'
<E> [20:47:47] Function: _get_file_info_act
<E> [20:47:47] Website parameters: {'method': 'list', 'path': '/apps/bypy/live_audio/抖音直播/袁大帅哥布林族长/2026-08-04_20-01', 'by': 'name', 'order': 'asc', 'limit': '0-1000'}
<E> [20:47:47] Full URL: https://pcs.baidu.com/rest/2.0/pcs/file?method=list&path=%2Fapps%2Fbypy%2Flive_audio%2F%E6%8A%96%E9%9F%B3%E7%9B%B4%E6%92%AD%2F%E8%A2%81%E5%A4%A7%E5%B8%85%E5%93%A5%E5%B8%83%E6%9E%97%E6%97%8F%E9%95%BF%2F2026-08-04_20-01&by=name&order=asc&limit=0-1000&access_token=121.d403970e490643084cf5224da8cdb0f2.YmjUg0li9919F7wU_5t3TOCy8c_4qXnj146-VTS.3TvMbw
<E> [20:47:47] HTTP Response Status Code: 404
<E> [20:47:47] Error JSON returned:{'error_code': 31066, 'error_msg': 'file does not exist', 'request_id': 394867899518455875}
Error code: 31066
Error Description: file does not exist
<E> [20:47:47] Website returned: {"error_code":31066,"error_msg":"file does not exist","request_id":394867899518455875}
<E> [20:47:47] Error accessing 'https://pcs.baidu.com/rest/2.0/pcs/file'
<E> [20:47:47] Function: _rapidupload_file_act
<E> [20:47:47] Website parameters: {'method': 'rapidupload', 'path': '/apps/bypy/live_audio/抖音直播/袁大帅哥布林族长/2026-08-04_20-01/袁大帅哥布林族长_2026-08-04_20-01-24_000.mp3', 'content-length': 21600688, 'content-md5': '42723643bl8c9026cddabf512e714551', 'slice-md5': '6c5683553f8b21f47841a22b39199904', 'content-crc32': '0xa71d52b1', 'ondup': 'overwrite'}
<E> [20:47:47] Full URL: https://pcs.baidu.com/rest/2.0/pcs/file?method=rapidupload&path=%2Fapps%2Fbypy%2Flive_audio%2F%E6%8A%96%E9%9F%B3%E7%9B%B4%E6%92%AD%2F%E8%A2%81%E5%A4%A7%E5%B8%85%E5%93%A5%E5%B8%83%E6%9E%97%E6%97%8F%E9%95%BF%2F2026-08-04_20-01%2F%E8%A2%81%E5%A4%A7%E5%B8%85%E5%93%A5%E5%B8%83%E6%9E%97%E6%97%8F%E9%95%BF_2026-08-04_20-01-24_000.mp3&content-length=21600688&content-md5=42723643bl8c9026cddabf512e714551&slice-md5=6c5683553f8b21f47841a22b39199904&content-crc32=0xa71d52b1&ondup=overwrite&access_token=121.d403970e490643084cf5224da8cdb0f2.YmjUg0li9919F7wU_5t3TOCy8c_4qXnj146-VTS.3TvMbw
<E> [20:47:47] HTTP Response Status Code: 400
<E> [20:47:47] Error JSON returned:{'error_code': 31023, 'error_msg': 'param error', 'request_id': 394868107540793158}
Error code: 31023
Error Description: param error
<E> [20:47:47] Website returned: {"error_code":31023,"error_msg":"param error","request_id":394868107540793158}
'./converted/抖音直播/袁大帅哥布林族长/2026-08-04_20-01/袁大帅哥布林族长_2026-08-04_20-01-24_000.mp3' ==> '/apps/bypy/live_audio/抖音直播/袁大帅哥布林族长/2026-08-04_20-01/袁大帅哥布林族长_2026-08-04_20-01-24_000.mp3' OK.
Saving Hash Cache...
Hash Cache saved.

===== REMOTE SIZE VERIFICATION =====
/apps/bypy/live_audio/抖音直播/袁大帅哥布林族长/2026-08-04_20-01/袁大帅哥布林族长_2026-08-04_20-01-24_000.mp3 ($s):
21600688
